[2025-09-24 16:44:40,222.222] WARNING [41152] Privileged message content intent is missing, commands may not work as expected.
[2025-09-24 16:44:40,222.222] INFO [41152] logging in using static token
[2025-09-24 16:44:41,658.658] INFO [41152] Shard ID None has connected to Gateway (Session ID: 9451ab77fc67b962b584be0ea5a5c905).
[2025-09-24 16:44:41,659.659] INFO [41152] 接続完了
[2025-09-24 16:44:41,659.659] INFO [41152] 接続完了
[2025-09-24 16:44:41,659.659] INFO [41152] 言語ファイルを読み込み
[2025-09-24 16:44:41,659.659] INFO [41152] 言語ファイルを読み込み
[2025-09-24 16:44:41,660.660] INFO [41152] - en_GB -> en_GB (フォールバック)
[2025-09-24 16:44:41,660.660] INFO [41152] - en_GB -> en_GB (フォールバック)
[2025-09-24 16:44:41,661.661] ERROR [41152] Ignoring exception in on_connect
Traceback (most recent call last):
  File "v:\IntroQBot\.venv\Lib\site-packages\discord\client.py", line 504, in _run_event
    await coro(*args, **kwargs)
  File "V:\IntroQBot\introqbot\client.py", line 19, in on_connect
    Localization.load_locale_data()
    ~~~~~~~~~~~~~~~~~~~~~~~~~~~~~^^
  File "V:\IntroQBot\introqbot\localizations.py", line 43, in load_locale_data
    with Path(lang_file_path).open(encoding="utf-8") as lang_file:
         ~~~~~~~~~~~~~~~~~~~~~~~~~^^^^^^^^^^^^^^^^^^
  File "C:\Users\Milkeyyy\AppData\Local\Programs\Python\Python313\Lib\pathlib\_local.py", line 537, in open
    return io.open(self, mode, buffering, encoding, errors, newline)
           ~~~~~~~^^^^^^^^^^^^^^^^^^^^^^^^^^^^^^^^^^^^^^^^^^^^^^^^^^
FileNotFoundError: [Errno 2] No such file or directory: 'locales\\en_GB.json'
[2025-09-24 16:44:43,689.689] INFO [41152] ログイン完了: Intro-Quiz-Bot#1157
[2025-09-24 16:44:43,689.689] INFO [41152] ログイン完了: Intro-Quiz-Bot#1157
[2025-09-24 16:46:17,305.305] WARNING [41072] Privileged message content intent is missing, commands may not work as expected.
[2025-09-24 16:46:17,305.305] INFO [41072] logging in using static token
[2025-09-24 16:46:19,025.025] INFO [41072] Shard ID None has connected to Gateway (Session ID: c5be198306fb34f5b14ff627d41428f2).
[2025-09-24 16:46:19,026.026] INFO [41072] 接続完了
[2025-09-24 16:46:19,026.026] INFO [41072] 接続完了
[2025-09-24 16:46:19,027.027] INFO [41072] 言語ファイルを読み込み
[2025-09-24 16:46:19,027.027] INFO [41072] 言語ファイルを読み込み
[2025-09-24 16:46:19,027.027] INFO [41072] - en_GB -> en_GB (フォールバック)
[2025-09-24 16:46:19,027.027] INFO [41072] - en_GB -> en_GB (フォールバック)
[2025-09-24 16:46:19,028.028] ERROR [41072] Ignoring exception in on_connect
Traceback (most recent call last):
  File "v:\IntroQBot\.venv\Lib\site-packages\discord\client.py", line 504, in _run_event
    await coro(*args, **kwargs)
  File "V:\IntroQBot\introqbot\client.py", line 19, in on_connect
    Localization.load_locale_data()
    ~~~~~~~~~~~~~~~~~~~~~~~~~~~~~^^
  File "V:\IntroQBot\introqbot\localizations.py", line 43, in load_locale_data
    with Path(lang_file_path).open(encoding="utf-8") as lang_file:
         ~~~~~~~~~~~~~~~~~~~~~~~~~^^^^^^^^^^^^^^^^^^
  File "C:\Users\Milkeyyy\AppData\Local\Programs\Python\Python313\Lib\pathlib\_local.py", line 537, in open
    return io.open(self, mode, buffering, encoding, errors, newline)
           ~~~~~~~^^^^^^^^^^^^^^^^^^^^^^^^^^^^^^^^^^^^^^^^^^^^^^^^^^
FileNotFoundError: [Errno 2] No such file or directory: 'locales\\en_GB.json'
[2025-09-24 16:46:21,042.042] INFO [41072] ログイン完了: Intro-Quiz-Bot#1157
[2025-09-24 16:46:21,042.042] INFO [41072] ログイン完了: Intro-Quiz-Bot#1157
[2025-09-24 16:46:56,831.831] WARNING [40756] Privileged message content intent is missing, commands may not work as expected.
[2025-09-24 16:46:56,831.831] INFO [40756] logging in using static token
[2025-09-24 16:46:58,450.450] INFO [40756] Shard ID None has connected to Gateway (Session ID: e01e1f9d992c6ce9cfbef96fd5e70cd2).
[2025-09-24 16:46:58,451.451] INFO [40756] 接続完了
[2025-09-24 16:46:58,451.451] INFO [40756] 言語ファイルを読み込み
[2025-09-24 16:46:58,452.452] INFO [40756] - en_GB -> en_GB (フォールバック)
[2025-09-24 16:46:58,453.453] ERROR [40756] Ignoring exception in on_connect
Traceback (most recent call last):
  File "v:\IntroQBot\.venv\Lib\site-packages\discord\client.py", line 504, in _run_event
    await coro(*args, **kwargs)
  File "V:\IntroQBot\introqbot\client.py", line 19, in on_connect
    Localization.load_locale_data()
    ~~~~~~~~~~~~~~~~~~~~~~~~~~~~~^^
  File "V:\IntroQBot\introqbot\localizations.py", line 43, in load_locale_data
    with Path(lang_file_path).open(encoding="utf-8") as lang_file:
         ~~~~~~~~~~~~~~~~~~~~~~~~~^^^^^^^^^^^^^^^^^^
  File "C:\Users\Milkeyyy\AppData\Local\Programs\Python\Python313\Lib\pathlib\_local.py", line 537, in open
    return io.open(self, mode, buffering, encoding, errors, newline)
           ~~~~~~~^^^^^^^^^^^^^^^^^^^^^^^^^^^^^^^^^^^^^^^^^^^^^^^^^^
FileNotFoundError: [Errno 2] No such file or directory: 'locales\\en_GB.json'
[2025-09-24 16:47:00,472.472] INFO [40756] ログイン完了: Intro-Quiz-Bot#1157
[2025-09-24 16:48:24,790.790] WARNING [40372] Privileged message content intent is missing, commands may not work as expected.
[2025-09-24 16:48:24,790.790] INFO [40372] logging in using static token
[2025-09-24 16:48:26,393.393] INFO [40372] Shard ID None has connected to Gateway (Session ID: 5eb4b962a250d644605fb20897f4ccc3).
[2025-09-24 16:48:26,393.393] INFO [40372] 接続完了
[2025-09-24 16:48:26,394.394] INFO [40372] 言語ファイルを読み込み
[2025-09-24 16:48:26,394.394] INFO [40372] - en_GB -> en_GB (フォールバック)
[2025-09-24 16:48:26,395.395] ERROR [40372] Ignoring exception in on_connect
Traceback (most recent call last):
  File "v:\IntroQBot\.venv\Lib\site-packages\discord\client.py", line 504, in _run_event
    await coro(*args, **kwargs)
  File "V:\IntroQBot\introqbot\client.py", line 19, in on_connect
    Localization.load_locale_data()
    ~~~~~~~~~~~~~~~~~~~~~~~~~~~~~^^
  File "V:\IntroQBot\introqbot\localizations.py", line 43, in load_locale_data
    with Path(lang_file_path).open(encoding="utf-8") as lang_file:
         ~~~~~~~~~~~~~~~~~~~~~~~~~^^^^^^^^^^^^^^^^^^
  File "C:\Users\Milkeyyy\AppData\Local\Programs\Python\Python313\Lib\pathlib\_local.py", line 537, in open
    return io.open(self, mode, buffering, encoding, errors, newline)
           ~~~~~~~^^^^^^^^^^^^^^^^^^^^^^^^^^^^^^^^^^^^^^^^^^^^^^^^^^
FileNotFoundError: [Errno 2] No such file or directory: 'locales\\en_GB.json'
[2025-09-24 16:48:28,412.412] INFO [40372] ログイン完了: Intro-Quiz-Bot#1157
[2025-09-27 16:31:46,428.428] WARNING [29332] Privileged message content intent is missing, commands may not work as expected.
[2025-09-27 16:31:46,429.429] INFO [29332] logging in using static token
[2025-09-27 16:31:48,314.314] INFO [29332] Shard ID None has connected to Gateway (Session ID: 2f42974ec0d022d70ece39e797ed1899).
[2025-09-27 16:31:48,314.314] INFO [29332] 接続完了
[2025-09-27 16:31:48,315.315] INFO [29332] 言語ファイルを読み込み
[2025-09-27 16:31:48,315.315] INFO [29332] - en_GB -> en_GB (フォールバック)
[2025-09-27 16:31:48,316.316] ERROR [29332] Ignoring exception in on_connect
Traceback (most recent call last):
  File "v:\IntroQBot\.venv\Lib\site-packages\discord\client.py", line 504, in _run_event
    await coro(*args, **kwargs)
  File "V:\IntroQBot\introqbot\client.py", line 19, in on_connect
    Localization.load_locale_data()
    ~~~~~~~~~~~~~~~~~~~~~~~~~~~~~^^
  File "V:\IntroQBot\introqbot\localizations.py", line 43, in load_locale_data
    with Path(lang_file_path).open(encoding="utf-8") as lang_file:
         ~~~~~~~~~~~~~~~~~~~~~~~~~^^^^^^^^^^^^^^^^^^
  File "C:\Users\Milkeyyy\AppData\Local\Programs\Python\Python313\Lib\pathlib\_local.py", line 537, in open
    return io.open(self, mode, buffering, encoding, errors, newline)
           ~~~~~~~^^^^^^^^^^^^^^^^^^^^^^^^^^^^^^^^^^^^^^^^^^^^^^^^^^
FileNotFoundError: [Errno 2] No such file or directory: 'locales\\en_GB.json'
[2025-09-27 16:31:50,348.348] INFO [29332] ログイン完了: Intro-Quiz-Bot#1157
[2025-09-27 16:34:59,632.632] WARNING [42556] Privileged message content intent is missing, commands may not work as expected.
[2025-09-27 16:34:59,633.633] INFO [42556] logging in using static token
[2025-09-27 16:35:01,687.687] INFO [42556] Shard ID None has connected to Gateway (Session ID: 28111d8abea01170d340dda7e0af7d57).
[2025-09-27 16:35:01,687.687] INFO [42556] 接続完了
[2025-09-27 16:35:01,688.688] INFO [42556] 言語ファイルを読み込み
[2025-09-27 16:35:01,688.688] INFO [42556] - en_GB -> en_GB (フォールバック)
[2025-09-27 16:35:01,689.689] ERROR [42556] Ignoring exception in on_connect
Traceback (most recent call last):
  File "v:\IntroQBot\.venv\Lib\site-packages\discord\client.py", line 504, in _run_event
    await coro(*args, **kwargs)
  File "V:\IntroQBot\introqbot\client.py", line 19, in on_connect
    Localization.load_locale_data()
    ~~~~~~~~~~~~~~~~~~~~~~~~~~~~~^^
  File "V:\IntroQBot\introqbot\localizations.py", line 43, in load_locale_data
    with Path(lang_file_path).open(encoding="utf-8") as lang_file:
         ~~~~~~~~~~~~~~~~~~~~~~~~~^^^^^^^^^^^^^^^^^^
  File "C:\Users\Milkeyyy\AppData\Local\Programs\Python\Python313\Lib\pathlib\_local.py", line 537, in open
    return io.open(self, mode, buffering, encoding, errors, newline)
           ~~~~~~~^^^^^^^^^^^^^^^^^^^^^^^^^^^^^^^^^^^^^^^^^^^^^^^^^^
FileNotFoundError: [Errno 2] No such file or directory: 'locales\\en_GB.json'
[2025-09-27 16:35:03,704.704] INFO [42556] ログイン完了: Intro-Quiz-Bot#1157
[2025-09-27 16:35:49,914.914] WARNING [26356] Privileged message content intent is missing, commands may not work as expected.
[2025-09-27 16:35:49,915.915] INFO [26356] logging in using static token
[2025-09-27 16:35:51,328.328] INFO [26356] Shard ID None has connected to Gateway (Session ID: e95041217d21f1749d10e71866d4b2c8).
[2025-09-27 16:35:51,329.329] INFO [26356] 接続完了
[2025-09-27 16:35:51,329.329] INFO [26356] 言語ファイルを読み込み
[2025-09-27 16:35:51,330.330] INFO [26356] - en_GB -> en_GB (フォールバック)
[2025-09-27 16:35:51,331.331] ERROR [26356] Ignoring exception in on_connect
Traceback (most recent call last):
  File "v:\IntroQBot\.venv\Lib\site-packages\discord\client.py", line 504, in _run_event
    await coro(*args, **kwargs)
  File "V:\IntroQBot\introqbot\client.py", line 19, in on_connect
    Localization.load_locale_data()
    ~~~~~~~~~~~~~~~~~~~~~~~~~~~~~^^
  File "V:\IntroQBot\introqbot\localizations.py", line 43, in load_locale_data
    with Path(lang_file_path).open(encoding="utf-8") as lang_file:
         ~~~~~~~~~~~~~~~~~~~~~~~~~^^^^^^^^^^^^^^^^^^
  File "C:\Users\Milkeyyy\AppData\Local\Programs\Python\Python313\Lib\pathlib\_local.py", line 537, in open
    return io.open(self, mode, buffering, encoding, errors, newline)
           ~~~~~~~^^^^^^^^^^^^^^^^^^^^^^^^^^^^^^^^^^^^^^^^^^^^^^^^^^
FileNotFoundError: [Errno 2] No such file or directory: 'locales\\en_GB.json'
[2025-09-27 16:35:53,343.343] INFO [26356] ログイン完了: Intro-Quiz-Bot#1157
[2025-09-27 16:40:10,722.722] WARNING [42960] Privileged message content intent is missing, commands may not work as expected.
[2025-09-27 16:40:10,723.723] INFO [42960] logging in using static token
[2025-09-27 16:40:12,578.578] INFO [42960] Shard ID None has connected to Gateway (Session ID: c4529dee5201b21d61910a5bd46ff3c6).
[2025-09-27 16:40:12,578.578] INFO [42960] 接続完了
[2025-09-27 16:40:12,578.578] INFO [42960] 言語ファイルを読み込み
[2025-09-27 16:40:12,579.579] INFO [42960] - en_GB -> en_GB (フォールバック)
[2025-09-27 16:40:12,580.580] ERROR [42960] Ignoring exception in on_connect
Traceback (most recent call last):
  File "v:\IntroQBot\.venv\Lib\site-packages\discord\client.py", line 504, in _run_event
    await coro(*args, **kwargs)
  File "V:\IntroQBot\introqbot\client.py", line 20, in on_connect
    Localization.load_locale_data()
    ~~~~~~~~~~~~~~~~~~~~~~~~~~~~~^^
  File "V:\IntroQBot\introqbot\localizations.py", line 43, in load_locale_data
    with Path(lang_file_path).open(encoding="utf-8") as lang_file:
         ~~~~~~~~~~~~~~~~~~~~~~~~~^^^^^^^^^^^^^^^^^^
  File "C:\Users\Milkeyyy\AppData\Local\Programs\Python\Python313\Lib\pathlib\_local.py", line 537, in open
    return io.open(self, mode, buffering, encoding, errors, newline)
           ~~~~~~~^^^^^^^^^^^^^^^^^^^^^^^^^^^^^^^^^^^^^^^^^^^^^^^^^^
FileNotFoundError: [Errno 2] No such file or directory: 'locales\\en_GB.json'
[2025-09-27 16:40:14,646.646] INFO [42960] ログイン完了: Intro-Quiz-Bot#1157
